// Jest Snapshot v1, https://goo.gl/fbAQLP

exports[`HotelCard Component renders hotel details correctly 1`] = `
<div>
  <div
    class="flex flex-col sm:flex-row  border-b border-gray-200 py-4"
  >
    <div
      class="relative"
    >
      <img
        alt="Test Hotel Image"
        class="object-cover"
        height="125"
        src="/test-image.jpg"
        width="145"
      />
    </div>
    <div
      class="flex-1 px-2 sm:px-4 py-2"
    >
      <div
        class="flex flex-col sm:flex-row justify-between"
      >
        <div
          class="relative min-h-32 sm:min-h-28"
        >
          <div
            class="flex flex-col sm:flex-row justify-content align-middle"
          >
            <h2
              class="text-lg font-bold"
            >
              Test Hotel
            </h2>
            <div
              class="flex my-1 sm:mt-2 sm:ml-2"
            >
              <span
                data-testid="star-icon-filled"
              >
                ★
              </span>
              <span
                data-testid="star-icon-filled"
              >
                ★
              </span>
              <span
                data-testid="star-icon-filled"
              >
                ★
              </span>
              <span
                data-testid="star-icon-filled"
              >
                ★
              </span>
              <span
                data-testid="star-icon-empty"
              >
                ★
              </span>
            </div>
          </div>
          <address
            class="text-sm text-gray-600 not-italic"
          >
            123 Test St, Test City
          </address>
          <p
            class="text-red-600 text-sm mt-2 font-medium underline"
          >
            Deluxe Room
          </p>
          <p
            class="text-sm text-green-600 mt-2 absolute bottom-0"
          >
            Free cancellation
          </p>
        </div>
        <div
          class="text-right mt-4 sm:mt-0"
        >
          <div
            class="text-sm text-gray-600"
          >
            1 night total (AUD)
          </div>
          <div
            class="text-2xl font-bold mt-1"
          >
            <span
              class="text-lg"
            >
              $
            </span>
            200
          </div>
          <div
            class="text-red-600 text-sm"
          >
            Save $
            20
            ~
          </div>
        </div>
      </div>
    </div>
  </div>
</div>
`;
