// Jest Snapshot v1, https://goo.gl/fbAQLP

exports[`HotelList Component renders empty state when no hotels are provided 1`] = `
<div>
  <div
    class="py-8 text-center"
  >
    No hotels found.
  </div>
</div>
`;

exports[`HotelList Component renders hotel count correctly 1`] = `
<div>
  <div>
    <div
      class="mb-4 flex items-center justify-between"
    >
      <div
        class="text-sm"
      >
        <span
          class="font-bold"
        >
          2
        </span>
        <span
          class="italic text-gray-600"
        >
           hotels in 
        </span>
        <span
          class="font-bold"
        >
          Sydney
        </span>
        .
      </div>
      <div
        data-testid="sort-dropdown"
      >
        <select
          data-testid="sort-select"
        >
          <option
            value="high-low"
          >
            Price high-low
          </option>
          <option
            value="low-high"
          >
            Price low-high
          </option>
        </select>
      </div>
    </div>
    <div
      class="hotel-list"
    >
      <div
        data-testid="hotel-card"
      >
        Expensive Hotel
      </div>
      <div
        data-testid="hotel-card"
      >
        Cheap Hotel
      </div>
    </div>
  </div>
</div>
`;
