// Jest Snapshot v1, https://goo.gl/fbAQLP

exports[`HotelCard Component renders hotel details correctly 1`] = `
<div>
  <div
    class="flex flex-col border-b  border-gray-200 py-4 sm:flex-row"
  >
    <div
      class="relative"
    >
      <img
        alt="Test Hotel Image"
        class="object-cover"
        height="125"
        src="/test-image.jpg"
        width="145"
      />
    </div>
    <div
      class="flex-1 px-2 py-2 sm:px-4"
    >
      <div
        class="flex flex-col justify-between sm:flex-row"
      >
        <div
          class="relative min-h-32 sm:min-h-28"
        >
          <div
            class="justify-content flex flex-col align-middle sm:flex-row"
          >
            <h2
              class="text-lg font-bold"
            >
              Test Hotel
            </h2>
            <div
              class="my-1 flex sm:ml-2 sm:mt-2"
            >
              <span
                data-testid="star-icon-filled"
              >
                ★
              </span>
              <span
                data-testid="star-icon-filled"
              >
                ★
              </span>
              <span
                data-testid="star-icon-filled"
              >
                ★
              </span>
              <span
                data-testid="star-icon-filled"
              >
                ★
              </span>
              <span
                data-testid="star-icon-empty"
              >
                ★
              </span>
            </div>
          </div>
          <address
            class="text-sm not-italic text-gray-600"
          >
            123 Test St, Test City
          </address>
          <p
            class="mt-2 text-sm font-medium text-red-600 underline"
          >
            Deluxe Room
          </p>
          <p
            class="absolute bottom-0 mt-2 text-sm text-green-600"
          >
            Free cancellation
          </p>
        </div>
        <div
          class="mt-4 text-right sm:mt-0"
        >
          <div
            class="text-sm text-gray-600"
          >
            1 night total (AUD)
          </div>
          <div
            class="mt-1 text-2xl font-bold"
          >
            <span
              class="text-lg"
            >
              $
            </span>
            200
          </div>
          <div
            class="text-sm text-red-600"
          >
            Save $
            20
            ~
          </div>
        </div>
      </div>
    </div>
  </div>
</div>
`;
